// Jest Snapshot v1, https://goo.gl/fbAQLP

exports[`Render by default config should return expected value 1`] = `
[
  {
    "content": "# rendered by https://www.npmjs.com/package/github-actions-checks
name: Checks
on:
  pull_request:
  push:
    branches:
      - stable
      - master
      - main
    tags:
      - v**

env:
  NODE_ENV: CI

concurrency:
  group: \${{ github.workflow }}-\${{ github.event.pull_request.number }}
  cancel-in-progress: true

jobs:
  checks:
    runs-on: ubuntu-latest

    outputs:
      eslint: \${{ steps.eslint.outputs.result }}
      prettier: \${{ steps.prettier.outputs.result }}

    steps:
      - name: Checkout
        uses: actions/checkout@v3

      - name: Preparing
        uses: ./.github/actions/check-install

      - name: ESLint
        id: eslint
        if: always()
        uses: ./.github/actions/check-run
        with:
          script: npm run eslint

      - name: Prettier
        id: prettier
        if: always()
        uses: ./.github/actions/check-run
        with:
          script: npm run prettify

  tests:
    runs-on: ubuntu-latest

    outputs:
      unit: \${{ steps.unit.outputs.result }}

    steps:
      - name: Checkout
        uses: actions/checkout@v3

      - name: Preparing
        uses: ./.github/actions/check-install

      - name: Unit
        id: unit
        if: always()
        uses: ./.github/actions/check-run
        with:
          script: npm run test
",
    "output": ".github/workflows/checks.yml",
  },
  {
    "content": "# rendered by https://www.npmjs.com/package/github-actions-checks
name: Preparing
description: preparing to run the checks

runs:
  using: composite
  steps:
    - name: Setup node
      if: \${{ !env.ACT }}
      uses: actions/setup-node@v4
      with:
        cache: yarn
        node-version: 16

    - name: Install packages
      shell: bash
      run: npm install
",
    "output": ".github/actions/check-install/action.yml",
  },
  {
    "content": "# rendered by https://www.npmjs.com/package/github-actions-checks
name: Run check
description: run check script

inputs:
  script:
    required: true
    description: script command

outputs:
  result:
    description: "Script result"
    value: \${{ steps.result.outputs.status }}

runs:
  using: composite
  steps:
    - name: Run script
      id: script
      shell: bash
      run: \${{ inputs.script }}

    - name: Results
      id: result
      if: always()
      env:
        SUCCESS_ICON: "☘️"
        FAILURE_ICON: "🐙"
      shell: bash
      run: |
        if [[ \${{ steps.script.outcome }} == 'success' ]]; then echo "status=$SUCCESS_ICON" >> $GITHUB_OUTPUT; else echo "status=$FAILURE_ICON" >> $GITHUB_OUTPUT; fi
",
    "output": ".github/actions/check-run/action.yml",
  },
]
`;
